=== run 1  out=platform/census/rendered-surfaces-20260921T172955Z.json  started 17:29:55Z  load={ 4.78 5.89 5.79 }
census: 17 route(s) x 2 locale(s) walked
   6763 payload string(s) of >= 24 chars
   2168 render somewhere
    934 of those have no word separator at all (digest, ARN, path: not prose in any language)
    807 of those are quoted artifact (must stay English)
    427 of those are this platform's own prose
    285 <- BACKLOG: authored prose a zh-TW reader reads in English
      6 ambiguous (quoted, but also in a curation file)
    121 payload producer(s) the backlog traces to; the largest five by characters:
          50295 chars    26 string(s)  registers.json/items[]/body_md
          37483 chars     1 string(s)  audit.json/markdown
          21236 chars   157 string(s)  audit.json/report/controls[]
          10092 chars    28 string(s)  claims.json/rows[]/text
           8839 chars    58 string(s)  controls.json/controls[]/findings[]
      0 quoted SENTENCE(s) rendered on the zh-TW page WITHOUT lang="en", of 993 matched
    606 identifier node(s) likewise unmarked (published for the split; not a defect)
   2142 matched verbatim, 26 only after stripping Markdown (item 43), 4595 dropped for want of a match of which 0 contain a link
  cost: 34 navigation(s) for 34 (route, locale) pair(s); median 0.7 s, slowest 1.2 s against a 45 s timeout x 3 attempt(s); 8 media request(s) aborted
written to platform/census/rendered-surfaces-20260921T172955Z.json
=== run 1 rc=0
=== run 2  out=platform/census/rendered-surfaces-20260921T173233Z.json  started 17:32:33Z  load={ 6.13 6.03 5.86 }
census: 17 route(s) x 2 locale(s) walked
   6763 payload string(s) of >= 24 chars
   2168 render somewhere
    934 of those have no word separator at all (digest, ARN, path: not prose in any language)
    807 of those are quoted artifact (must stay English)
    427 of those are this platform's own prose
    285 <- BACKLOG: authored prose a zh-TW reader reads in English
      6 ambiguous (quoted, but also in a curation file)
    121 payload producer(s) the backlog traces to; the largest five by characters:
          50295 chars    26 string(s)  registers.json/items[]/body_md
          37483 chars     1 string(s)  audit.json/markdown
          21236 chars   157 string(s)  audit.json/report/controls[]
          10092 chars    28 string(s)  claims.json/rows[]/text
           8839 chars    58 string(s)  controls.json/controls[]/findings[]
      0 quoted SENTENCE(s) rendered on the zh-TW page WITHOUT lang="en", of 993 matched
    606 identifier node(s) likewise unmarked (published for the split; not a defect)
   2142 matched verbatim, 26 only after stripping Markdown (item 43), 4595 dropped for want of a match of which 0 contain a link
  cost: 34 navigation(s) for 34 (route, locale) pair(s); median 0.7 s, slowest 1.1 s against a 45 s timeout x 3 attempt(s); 8 media request(s) aborted
written to platform/census/rendered-surfaces-20260921T173233Z.json
=== run 2 rc=0
=== run 3  out=platform/census/rendered-surfaces-20260921T173504Z.json  started 17:35:04Z  load={ 5.01 5.65 5.73 }
census: 17 route(s) x 2 locale(s) walked
   6763 payload string(s) of >= 24 chars
   2168 render somewhere
    934 of those have no word separator at all (digest, ARN, path: not prose in any language)
    807 of those are quoted artifact (must stay English)
    427 of those are this platform's own prose
    285 <- BACKLOG: authored prose a zh-TW reader reads in English
      6 ambiguous (quoted, but also in a curation file)
    121 payload producer(s) the backlog traces to; the largest five by characters:
          50295 chars    26 string(s)  registers.json/items[]/body_md
          37483 chars     1 string(s)  audit.json/markdown
          21236 chars   157 string(s)  audit.json/report/controls[]
          10092 chars    28 string(s)  claims.json/rows[]/text
           8839 chars    58 string(s)  controls.json/controls[]/findings[]
      0 quoted SENTENCE(s) rendered on the zh-TW page WITHOUT lang="en", of 993 matched
    606 identifier node(s) likewise unmarked (published for the split; not a defect)
   2142 matched verbatim, 26 only after stripping Markdown (item 43), 4595 dropped for want of a match of which 0 contain a link
  cost: 34 navigation(s) for 34 (route, locale) pair(s); median 0.7 s, slowest 1.2 s against a 45 s timeout x 3 attempt(s); 8 media request(s) aborted
written to platform/census/rendered-surfaces-20260921T173504Z.json
=== run 3 rc=0
=== run 4  out=platform/census/rendered-surfaces-20260921T173735Z.json  started 17:37:36Z  load={ 6.58 5.89 5.79 }
census: 17 route(s) x 2 locale(s) walked
   6763 payload string(s) of >= 24 chars
   2168 render somewhere
    934 of those have no word separator at all (digest, ARN, path: not prose in any language)
    807 of those are quoted artifact (must stay English)
    427 of those are this platform's own prose
    285 <- BACKLOG: authored prose a zh-TW reader reads in English
      6 ambiguous (quoted, but also in a curation file)
    121 payload producer(s) the backlog traces to; the largest five by characters:
          50295 chars    26 string(s)  registers.json/items[]/body_md
          37483 chars     1 string(s)  audit.json/markdown
          21236 chars   157 string(s)  audit.json/report/controls[]
          10092 chars    28 string(s)  claims.json/rows[]/text
           8839 chars    58 string(s)  controls.json/controls[]/findings[]
      0 quoted SENTENCE(s) rendered on the zh-TW page WITHOUT lang="en", of 993 matched
    606 identifier node(s) likewise unmarked (published for the split; not a defect)
   2142 matched verbatim, 26 only after stripping Markdown (item 43), 4595 dropped for want of a match of which 0 contain a link
  cost: 34 navigation(s) for 34 (route, locale) pair(s); median 0.7 s, slowest 1.2 s against a 45 s timeout x 3 attempt(s); 8 media request(s) aborted
written to platform/census/rendered-surfaces-20260921T173735Z.json
=== run 4 rc=0
ALL RUNS DONE
