repo    /Users/tmwu/Downloads/grx-validation: 42,896 files in scope for the bundle
bundle  /Users/tmwu/Downloads/AgentCore-guardrails-closed-loop-practices
  add    : 29
    lib/tests/test_argparse_help_strings.py
    platform/build/walk_release.py
    session-logs/2026-09-16-step5-docs-register-and-bundle.md
    session-logs/2026-09-17-argparse-blocker-and-floor-drift.md
    session-logs/2026-09-17-step5-publish-and-live-probe.md
    session-logs/bundle-shasum-20260916-3.log
    session-logs/gates-20260916-step5-rerun.log
    session-logs/gates-20260916-step5-rerun.rc
    session-logs/gates-20260916-step5.log
    session-logs/platform-tests-20260917.log
    session-logs/platform-tests-20260917.rc
    session-logs/publish-confirm-20260917.log
    … and 17 more
  replace: 9
    FUTURE-WORK.md
    README.md
    RECONNECT.md
    WHITEPAPER.md
    claims/tests/test_verify_phase0_gates_every_test_directory.py
    platform/README.md
    site/dist/index.html
    tools/sync_handover_bundle.py
    verify_phase0.sh
  delete : 1
    site/dist/assets/index-DemSrLVX.js

MANIFEST.sha256: 42,906 entries; bundle holds 42,907 files, 261 MB (sum of file sizes; du reports more)

⚠️  This bundle contains unredacted account ids, ARNs and bucket names under validation/evidence/ and validation/runner/.state/. Do not upload or attach it as-is.

README numbers that no longer hold (fix the prose by hand, then re-run):
  README.md:25 states 'sha256 of all 42,878 files' but the derived manifest is 42,906
  README.md:117 states '40 named deficiencies' but the derived deficiencies is 41
  README.md:131 states '**40** deficiencies' but the derived deficiencies is 41
  README.md:255 states '**42,879 files, 252 MB**' but the derived inventory is 42,907, 261
