tools/sync_handover_bundle.py --apply --main-sha 868ad266b380 --main-blobs 1049
The post-#58 re-sync, in the five runs it actually took. Each header is one invocation.
The loop terminates because the tool's OWN logs (session-logs/bundle-sync-*) are excluded
from the mirror -- a tool that copies its own output cannot converge.

================ RUN bundle-sync-20260918-final.log (rc 1) ================
repo    /Users/tmwu/Downloads/grx-validation: 42,899 files in scope for the bundle
bundle  /Users/tmwu/Downloads/AgentCore-guardrails-closed-loop-practices
  add    : 3
    session-logs/2026-09-18-bundle-resync-and-commit-line-check.md
    session-logs/bundle-shasum-20260918.log
    session-logs/bundle-shasum-20260918.rc
  replace: 2
    tools/sync_handover_bundle.py
    tools/tests/test_sync_handover_bundle.py
  delete : 0

MANIFEST.sha256: 42,909 entries; bundle holds 42,910 files, 261 MB (sum of file sizes; du reports more)

⚠️  This bundle contains unredacted account ids, ARNs and bucket names under validation/evidence/ and validation/runner/.state/. Do not upload or attach it as-is.

README numbers that no longer hold (fix the prose by hand, then re-run):
  README.md:25 states 'sha256 of all 42,906 files' but the derived manifest is 42,909
  README.md:101 states 'current as of commit **`6cd5600842e2`** (1,044 blobs' but the derived commit is 868ad266b380, 1,049
  README.md:255 states '**42,907 files, 261 MB**' but the derived inventory is 42,910, 261

================ RUN bundle-sync-20260918-final2.log (rc 0) ================
repo    /Users/tmwu/Downloads/grx-validation: 42,899 files in scope for the bundle
bundle  /Users/tmwu/Downloads/AgentCore-guardrails-closed-loop-practices
  add    : 0
  replace: 0
  delete : 0

MANIFEST.sha256: 42,909 entries; bundle holds 42,910 files, 261 MB (sum of file sizes; du reports more)

⚠️  This bundle contains unredacted account ids, ARNs and bucket names under validation/evidence/ and validation/runner/.state/. Do not upload or attach it as-is.
every derivable number in the bundle README agrees with the tree.

================ RUN bundle-sync-20260918-final3.log (rc 1) ================
repo    /Users/tmwu/Downloads/grx-validation: 42,901 files in scope for the bundle
bundle  /Users/tmwu/Downloads/AgentCore-guardrails-closed-loop-practices
  add    : 2
    session-logs/bundle-shasum-20260918-final.log
    session-logs/bundle-shasum-20260918-final.rc
  replace: 0
  delete : 0

MANIFEST.sha256: 42,911 entries; bundle holds 42,912 files, 261 MB (sum of file sizes; du reports more)

⚠️  This bundle contains unredacted account ids, ARNs and bucket names under validation/evidence/ and validation/runner/.state/. Do not upload or attach it as-is.

README numbers that no longer hold (fix the prose by hand, then re-run):
  README.md:25 states 'sha256 of all 42,909 files' but the derived manifest is 42,911
  README.md:262 states '**42,910 files, 261 MB**' but the derived inventory is 42,912, 261

================ RUN bundle-sync-20260918-final4.log (rc 0) ================
repo    /Users/tmwu/Downloads/grx-validation: 42,901 files in scope for the bundle
bundle  /Users/tmwu/Downloads/AgentCore-guardrails-closed-loop-practices
  add    : 0
  replace: 0
  delete : 0

MANIFEST.sha256: 42,911 entries; bundle holds 42,912 files, 261 MB (sum of file sizes; du reports more)

⚠️  This bundle contains unredacted account ids, ARNs and bucket names under validation/evidence/ and validation/runner/.state/. Do not upload or attach it as-is.
every derivable number in the bundle README agrees with the tree.

================ RUN bundle-sync-20260918-final5.log (rc 0) ================
repo    /Users/tmwu/Downloads/grx-validation: 42,901 files in scope for the bundle
bundle  /Users/tmwu/Downloads/AgentCore-guardrails-closed-loop-practices
  add    : 0
  replace: 1
    session-logs/bundle-shasum-20260918-final.log
  delete : 0

MANIFEST.sha256: 42,911 entries; bundle holds 42,912 files, 261 MB (sum of file sizes; du reports more)

⚠️  This bundle contains unredacted account ids, ARNs and bucket names under validation/evidence/ and validation/runner/.state/. Do not upload or attach it as-is.
every derivable number in the bundle README agrees with the tree.

