repo    /Users/tmwu/Downloads/grx-validation: 43,133 files in scope for the bundle
bundle  /Users/tmwu/Downloads/AgentCore-guardrails-closed-loop-practices
  add    : 22
    evidence/fw-open-heads-20260928.txt
    f10_billing/F10-1-DESIGN.md
    session-logs/2026-09-28-future-work-plan.md
    session-logs/api-push-20260928.log
    session-logs/deployed-headers-20260928-post-b1.log
    session-logs/deployed-headers-20260928.log
    session-logs/ebs-item44-delete-20260928.txt
    session-logs/ebs-item44-snapshot-20260928.json
    session-logs/fw-status-20260928.txt
    session-logs/publish-confirm-20260928.log
    session-logs/publish-confirm-20260928.rc
    session-logs/publish-dryrun-20260928.log
    … and 10 more
  replace: 12
    FUTURE-WORK.md
    README.md
    RECONNECT.md
    WHITEPAPER.md
    cost_model.yaml
    platform/build/check_deployed_headers.py
    platform/build/publish_web.py
    platform/build/tests/test_check_deployed_headers.py
    platform/build/tests/test_publish_web.py
    results/CENSUS-NOT-MEASURED.md
    site/dist/index.html
    video/out/media/RENDER.json
  delete : 1
    site/dist/assets/index-BvPoKilj.js

dry run — nothing written. Re-run with --apply to sync.
