tools/sync_handover_bundle.py --apply --main-sha 8c35a4a0abc5 --main-blobs 1113
Post-#60 re-sync. The dry run said add 210 / replace 27 / delete 37 (0.09% of the mirror,
so no --allow-prune). Each header below is one invocation, with its own rc.

================ RUN 1 (--apply) ================
repo    /Users/tmwu/Downloads/grx-validation: 43,074 files in scope for the bundle
bundle  /Users/tmwu/Downloads/AgentCore-guardrails-closed-loop-practices
  add    : 210
    platform/build/tests/test_census_stamp.py
    platform/build/tests/test_walk_release.py
    platform/census/rendered-surfaces-20260918T064500Z.json
    platform/census/rendered-surfaces-20260918T073359Z.json
    platform/census/rendered-surfaces-20260918T074825Z.json
    platform/census/rendered-surfaces-20260918T095804Z.json
    platform/curation/register_zh.yaml
    session-logs/2026-09-18-phase-chapters-and-bilingual-register.md
    session-logs/2026-09-18-post-58-resync-and-the-sentence-that-expires.md
    session-logs/build-20260918-chapters.log
    session-logs/build-20260918-chapters.rc
    session-logs/build-20260918-item43.log
    … and 198 more
  replace: 27
    FUTURE-WORK.md
    README.md
    RECONNECT.md
    WHITEPAPER.md
    claims/tests/test_future_work_register.py
    claims/tests/test_verify_phase0_gates_every_test_directory.py
    platform/build/build_site_data.py
    platform/build/census_rendered_surfaces.py
    platform/build/check_site_invariants.py
    platform/build/tests/test_build_site_data.py
    platform/build/tests/test_check_site_invariants.py
    platform/build/walk_release.py
    … and 15 more
  delete : 37
    site/dist/assets/index-KGF2nRXR.js
    video/out/frames/en/after-00.png
    video/out/frames/en/before-00.png
    video/out/frames/en/claim-00.png
    video/out/frames/en/colours-00.png
    video/out/frames/en/during-00.png
    video/out/frames/en/honesty-00.png
    video/out/frames/en/loop-00.png
    video/out/frames/en/loop-01.png
    video/out/frames/en/loop-02.png
    video/out/frames/en/loop-03.png
    video/out/frames/en/loop-04.png
    … and 25 more

MANIFEST.sha256: 43,084 entries; bundle holds 43,085 files, 300 MB (sum of file sizes; du reports more)

⚠️  This bundle contains unredacted account ids, ARNs and bucket names under validation/evidence/ and validation/runner/.state/. Do not upload or attach it as-is.

README numbers that no longer hold (fix the prose by hand, then re-run):
  README.md:25 states 'sha256 of all 42,911 files' but the derived manifest is 43,084
  README.md:101 states 'current as of commit **`868ad266b380`** (1,049 blobs' but the derived commit is 8c35a4a0abc5, 1,113
  README.md:124 states '41 named deficiencies' but the derived deficiencies is 43
  README.md:138 states '**41** deficiencies' but the derived deficiencies is 43
  README.md:262 states '**42,912 files, 261 MB**' but the derived inventory is 43,085, 300

================ RUN 2 (--apply, after fixing the five convicted README numbers by hand) ================
repo    /Users/tmwu/Downloads/grx-validation: 43,074 files in scope for the bundle
bundle  /Users/tmwu/Downloads/AgentCore-guardrails-closed-loop-practices
  add    : 0
  replace: 0
  delete : 0

MANIFEST.sha256: 43,084 entries; bundle holds 43,085 files, 300 MB (sum of file sizes; du reports more)

⚠️  This bundle contains unredacted account ids, ARNs and bucket names under validation/evidence/ and validation/runner/.state/. Do not upload or attach it as-is.
every derivable number in the bundle README agrees with the tree.

================ shasum -c MANIFEST.sha256 (bundle root) ================
Run between RUN 1 and RUN 2, because the README line that states this number had to be
rewritten from a verification, not from the manifest header. Recorded HERE rather than in its
own session-logs/bundle-shasum-* file on purpose: OWN_OUTPUT_GLOBS excludes session-logs/
bundle-sync-* from the mirror, so writing it here costs no extra convergence round, whereas the
previous round's separately-named shasum log added itself to the mirror and forced run 3.
  OK lines      : 43084  (= MANIFEST.sha256 entries)
  non-OK lines  : 0      (grep -v ': OK$' printed nothing)
  shasum rc     : 0
The file count (43,085) exceeds the manifest count (43,084) by exactly one: the manifest does
not list itself. Two numbers, two claims.
