repo    /Users/tmwu/Downloads/grx-validation: 42,870 files in scope for the bundle
bundle  /Users/tmwu/Downloads/AgentCore-guardrails-closed-loop-practices
  add    : 139
    platform/build/check_practices.py
    platform/build/practices_source.py
    platform/build/tests/test_check_practices.py
    platform/build/tests/test_practice_evidence_map.py
    platform/census/rendered-surfaces-20260910T030300Z.json
    platform/census/rendered-surfaces-20260916T060000Z.json
    platform/curation/practices.yaml
    results/PRACTICE-EVIDENCE-MAP.md
    session-logs/2026-09-16-video-pipeline-and-media-gate.md
    session-logs/build-pytest-20260910-design.log
    session-logs/build-pytest-20260910-design.rc
    session-logs/build-pytest-20260916-video.log
    … and 127 more
  replace: 30
    .gitignore
    FUTURE-WORK.md
    README.md
    RECONNECT.md
    WHITEPAPER.md
    check_amendment_readiness.py
    claims/tests/evidence_subset.py
    claims/tests/test_amendment_evidence_subset.py
    claims/tests/test_amendment_gate.py
    platform/build/build_site_data.py
    platform/build/census_rendered_surfaces.py
    platform/build/check_architecture.py
    … and 18 more
  delete : 2
    site/dist/assets/index-Burs7PqD.js
    site/dist/assets/index-Cqy4A4TS.css

dry run — nothing written. Re-run with --apply to sync.
