........................................................................ [  4%]
........................................................................ [  9%]
........................................................................ [ 14%]
........................................................................ [ 18%]
........................................................................ [ 23%]
........................................................................ [ 28%]
........................................................................ [ 33%]
........................................................................ [ 37%]
........................................................................ [ 42%]
........................................................................ [ 47%]
........................................................................ [ 51%]
........................................................................ [ 56%]
........................................................................ [ 61%]
........................................................................ [ 66%]
...................................s...........................s........ [ 70%]
........................................................................ [ 75%]
........................................................................ [ 80%]
........................................................................ [ 84%]
........................................................................ [ 89%]
........................s............................................... [ 94%]
..............................................sssssss................... [ 99%]
.............                                                            [100%]
1515 passed, 10 skipped in 2389.87s (0:39:49)
