{
 "en": {
  "src": "overview.en.mp4",
  "readyState": 4,
  "duration": 212.328,
  "videoWidth": 1920,
  "videoHeight": 1080,
  "error": null,
  "trackKind": "captions",
  "trackLang": "en",
  "cues": 10,
  "firstCue": "This is the recommended end-to-end design for Amazon Bedrock",
  "disclosure": "Amazon Polly): Ruth, a generative-engine voice, in English; Zhiyu, a neural-engine voice, in Chinese. Zhiyu is Mainland-Mandarin (cm",
  "csp_violations": [],
  "console_errors": []
 },
 "zh": {
  "src": "overview.zh.mp4",
  "readyState": 4,
  "duration": 205.608,
  "videoWidth": 1920,
  "videoHeight": 1080,
  "error": null,
  "trackKind": "captions",
  "trackLang": "zh-TW",
  "cues": 10,
  "firstCue": "這是 Amazon Bedrock AgentCore guardrails 的端到端建議設計——但以不一樣的方式呈現:",
  "disclosure": "Amazon Polly）：英文為 Ruth（generative 引擎）；中文為 Zhiyu（neural 引擎）。Zhiyu 是大陸普通話（cmn-CN）——Polly 完全沒有台灣華語的聲音——所以中文音軌的口音不是本平台選的語域，而是唯一存在的中文語音。 ",
  "csp_violations": [],
  "console_errors": []
 }
}
OK — both locales decode, caption and disclose
