window                2026-08-01 .. 2026-09-21 (end exclusive)
read from             saved census evidence/cost/census-20260921.json
lines read            1309 (service, usage type) pair(s) over 51 day(s)
ledger entries        25, of which attributed 16
attributed            $13.3711
day rule, generous    $70040.35 over 1154 line(s) — REJECTED, over by 5238x
day rule, strict      $11.70 over 105 line(s) — REJECTED, UNDER the ledger: it cannot see a shared line, so the volume and Polly vanish
immaterial lines      40 exempt from completeness, $0.000097 in total — the bound on what that hides
name collisions       159 usage-type name(s) appear under more than one service; worst is 'DataTransfer-Out-Bytes' under 10
note                  15 recorded project day(s), 15 of them backed by artifacts among the 15 days this repo's five producers name
note                  quantity cross-check: 85339 characters counted by this project in 2 log(s) == 85339 at the meter, across 2 line(s)
note                  completeness exemption: 40 line(s) in this project's services fall only on project days, are absent from the ledger, and are each below $0.0005 at the meter. Together they total $0.000097, which is the whole amount this exemption can hide; any one of them growing past the tolerance becomes a problem again
note                  newest day Cost Explorer returned: 2026-09-20 (window ends 2026-09-21, exclusive); days after it are ABSENT, not zero
note                  this census file predates the Estimated-day field, so this run CANNOT say whether Cost Explorer still considers any of these days provisional. Re-save the census to get that caveat back; a replay that says less than the run it replays is worse than no replay

OK — every ledger entry agrees with the meter over the days it claims, every metered day is
  claimed or excluded with a reason, every recorded project day has an artifact behind it, and no
  line from a service this project touches is missing from the ledger.

STILL OPEN, and this script cannot close it: per-PHASE actuals. Cost Explorer's finest granularity is a
  calendar day and this project ran several phases per day, so the phase column in COST.md stays
  `not measured` rather than being filled with a share somebody apportioned. Hourly and resource-level
  data would have had to be enabled before the spend and retains 14 days; August is long past that.
