=== F5-7a day 2: r20260810T001115Z (UTC 2026-08-10T00:11:15Z) ===
F5-7a  run r20260810T001115Z  ->  evidence/r20260810T001115Z/f5/F5-7a
  us-east-1        3 agentcore / 617 services   hits={'evaluations': 0, 'optimization': 0}
  eu-west-2        3 agentcore / 362 services   hits={'evaluations': 0, 'optimization': 0}
  eu-north-1       3 agentcore / 300 services   hits={'evaluations': 0, 'optimization': 0}
  ap-southeast-2   3 agentcore / 385 services   hits={'evaluations': 0, 'optimization': 0}
  ap-northeast-1   3 agentcore / 380 services   hits={'evaluations': 0, 'optimization': 0}
  us-west-2        3 agentcore / 567 services   hits={'evaluations': 0, 'optimization': 0}
  eu-central-1     3 agentcore / 391 services   hits={'evaluations': 0, 'optimization': 0}
  sa-east-1        3 agentcore / 307 services   hits={'evaluations': 0, 'optimization': 0}
  doc live: table=True rows=7
  doc 20250925203454: table=False evaluations=-
  doc 20251112033205: table=False evaluations=-
  doc 20260412130410: table=True evaluations={'Evaluations': 'Not yet supported'}
  doc 20260619021255: table=True evaluations={'Evaluations': 'Not yet supported'}
  doc 20260630193547: table=True evaluations={'Evaluations': 'Not yet supported'}
  doc 20260714091042: table=True evaluations={'Evaluations': 'Not yet supported'}

verdicts:
  CONFIRMED                          caveat_b_third_gateway_endpoint
  CONFIRMED                          no_dedicated_evaluations_or_optimization_endpoint_service
  DOC_IMPRECISE                      matrix_rows_are_primitives_not_endpoint_services
  AWS_BEHAVIOR_CHANGED               evaluations_data_plane_not_supported
  DOC_REFUTED_CHANGE_DATE_UNDETERMINED optimization_no_privatelink
  CONFIRMED_AS_LIMITATION            endpoint_service_existence_is_not_feature_availability

wrote evidence/r20260810T001115Z/f5/F5-7a/analysis.json
  note: day 1 = 2026-08-09 (r20260809T094500Z), day 2 = 2026-08-10 (r20260810T001115Z)
  note: 2 snapshot(s) returned on day 1 and not day 2: 20251230114157, 20260623161005 — the CDX index is a third-party query, and its result set is not an observation about AWS
  note: 6 archived snapshot(s) present both days, all parsing identically

75 field(s) compared
REPLICATED — every observation the §4.5.3 amendment quotes was identical on two separate calendar days
REPLICATED — flip FINDING-F5-7A provenance to READY_TO_AMEND
=== F5-7a day 2: r20260810T002001Z (UTC 2026-08-10T00:20:01Z) ===
F5-7a  run r20260810T002001Z  ->  evidence/r20260810T002001Z/f5/F5-7a
  us-east-1        3 agentcore / 617 services   hits={'evaluations': 0, 'optimization': 0}
  eu-west-2        3 agentcore / 362 services   hits={'evaluations': 0, 'optimization': 0}
  eu-north-1       3 agentcore / 300 services   hits={'evaluations': 0, 'optimization': 0}
  ap-southeast-2   3 agentcore / 385 services   hits={'evaluations': 0, 'optimization': 0}
  ap-northeast-1   3 agentcore / 380 services   hits={'evaluations': 0, 'optimization': 0}
  us-west-2        3 agentcore / 567 services   hits={'evaluations': 0, 'optimization': 0}
  eu-central-1     3 agentcore / 391 services   hits={'evaluations': 0, 'optimization': 0}
  sa-east-1        3 agentcore / 307 services   hits={'evaluations': 0, 'optimization': 0}
  doc live: table=True rows=7
  doc 20250925203454: table=False evaluations=-
  doc 20251112033205: table=False evaluations=-
  doc 20260412130410: table=True evaluations={'Evaluations': 'Not yet supported'}
  doc 20260619021255: table=True evaluations={'Evaluations': 'Not yet supported'}
  doc 20260630193547: table=True evaluations={'Evaluations': 'Not yet supported'}
  doc 20260714091042: table=True evaluations={'Evaluations': 'Not yet supported'}

verdicts:
  CONFIRMED                          caveat_b_third_gateway_endpoint
  CONFIRMED                          no_dedicated_evaluations_or_optimization_endpoint_service
  DOC_IMPRECISE                      matrix_rows_are_primitives_not_endpoint_services
  AWS_BEHAVIOR_CHANGED               evaluations_data_plane_not_supported
  DOC_REFUTED_CHANGE_DATE_UNDETERMINED optimization_no_privatelink
  CONFIRMED_AS_LIMITATION            endpoint_service_existence_is_not_feature_availability

wrote evidence/r20260810T002001Z/f5/F5-7a/analysis.json
  note: day 1 = 2026-08-09 (r20260809T094500Z), day 2 = 2026-08-10 (r20260810T002001Z)
  note: 2 snapshot(s) returned on day 1 and not day 2: 20251230114157, 20260623161005 — the CDX index is a third-party query, and its result set is not an observation about AWS
  note: 6 archived snapshot(s) present both days, all parsing identically

75 field(s) compared
REPLICATED — every observation the §4.5.3 amendment quotes was identical on two separate calendar days
REPLICATED — flip FINDING-F5-7A provenance to READY_TO_AMEND
